// Jest Snapshot v1, https://goo.gl/fbAQLP

exports[`LeftNav component renders as expected 1`] = `
<div>
  <ul
    className="nav navbar-nav"
  />
</div>
`;
