// Jest Snapshot v1, https://goo.gl/fbAQLP

exports[`BackToTopButton component renders as expected 1`] = `
<div
  class="sc-bdVaJa jxVqOJ"
>
  <p>
    a child
  </p>
</div>
`;
