// Jest Snapshot v1, https://goo.gl/fbAQLP

exports[`LoadingContent component renders as expected 1`] = `
<div>
  loading...
</div>
`;
