// Jest Snapshot v1, https://goo.gl/fbAQLP

exports[`RightNavButton component renders as expected 1`] = `
<div>
  <li>
    <a
      href="/"
      onClick={[Function]}
    >
      home
    </a>
  </li>
</div>
`;
