// Jest Snapshot v1, https://goo.gl/fbAQLP

exports[`UpIcon component renders as expected 1`] = `
ShallowWrapper {
  Symbol(enzyme.__root__): [Circular],
  Symbol(enzyme.__unrendered__): <UpIcon
    color=""
  />,
  Symbol(enzyme.__renderer__): Object {
    "batchedUpdates": [Function],
    "checkPropTypes": [Function],
    "getNode": [Function],
    "render": [Function],
    "simulateError": [Function],
    "simulateEvent": [Function],
    "unmount": [Function],
  },
  Symbol(enzyme.__node__): Object {
    "instance": null,
    "key": undefined,
    "nodeType": "host",
    "props": Object {
      "children": <path
        d="M256,213.7L256,213.7L256,213.7l174.2,167.2c4.3,4.2,11.4,4.1,15.8-0.2l30.6-29.9c4.4-4.3,4.5-11.3,0.2-15.5L264.1,131.1
      c-2.2-2.2-5.2-3.2-8.1-3c-3-0.1-5.9,0.9-8.1,3L35.2,335.3c-4.3,4.2-4.2,11.2,0.2,15.5L66,380.7c4.4,4.3,11.5,4.4,15.8,0.2L256,213.7z"
      />,
      "fill": "",
      "height": "24px",
      "viewBox": "0 0 512 512",
      "width": "24px",
    },
    "ref": null,
    "rendered": Object {
      "instance": null,
      "key": undefined,
      "nodeType": "host",
      "props": Object {
        "d": "M256,213.7L256,213.7L256,213.7l174.2,167.2c4.3,4.2,11.4,4.1,15.8-0.2l30.6-29.9c4.4-4.3,4.5-11.3,0.2-15.5L264.1,131.1
      c-2.2-2.2-5.2-3.2-8.1-3c-3-0.1-5.9,0.9-8.1,3L35.2,335.3c-4.3,4.2-4.2,11.2,0.2,15.5L66,380.7c4.4,4.3,11.5,4.4,15.8,0.2L256,213.7z",
      },
      "ref": null,
      "rendered": null,
      "type": "path",
    },
    "type": "svg",
  },
  Symbol(enzyme.__nodes__): Array [
    Object {
      "instance": null,
      "key": undefined,
      "nodeType": "host",
      "props": Object {
        "children": <path
          d="M256,213.7L256,213.7L256,213.7l174.2,167.2c4.3,4.2,11.4,4.1,15.8-0.2l30.6-29.9c4.4-4.3,4.5-11.3,0.2-15.5L264.1,131.1
      c-2.2-2.2-5.2-3.2-8.1-3c-3-0.1-5.9,0.9-8.1,3L35.2,335.3c-4.3,4.2-4.2,11.2,0.2,15.5L66,380.7c4.4,4.3,11.5,4.4,15.8,0.2L256,213.7z"
        />,
        "fill": "",
        "height": "24px",
        "viewBox": "0 0 512 512",
        "width": "24px",
      },
      "ref": null,
      "rendered": Object {
        "instance": null,
        "key": undefined,
        "nodeType": "host",
        "props": Object {
          "d": "M256,213.7L256,213.7L256,213.7l174.2,167.2c4.3,4.2,11.4,4.1,15.8-0.2l30.6-29.9c4.4-4.3,4.5-11.3,0.2-15.5L264.1,131.1
      c-2.2-2.2-5.2-3.2-8.1-3c-3-0.1-5.9,0.9-8.1,3L35.2,335.3c-4.3,4.2-4.2,11.2,0.2,15.5L66,380.7c4.4,4.3,11.5,4.4,15.8,0.2L256,213.7z",
        },
        "ref": null,
        "rendered": null,
        "type": "path",
      },
      "type": "svg",
    },
  ],
  Symbol(enzyme.__options__): Object {
    "adapter": ReactSixteenAdapter {
      "options": Object {
        "enableComponentDidUpdateOnSetState": true,
        "legacyContextMode": "parent",
        "lifecycles": Object {
          "componentDidUpdate": Object {
            "onSetState": true,
          },
          "getChildContext": Object {
            "calledByRenderer": false,
          },
          "getDerivedStateFromError": true,
          "getDerivedStateFromProps": Object {
            "hasShouldComponentUpdateBug": false,
          },
          "getSnapshotBeforeUpdate": true,
          "setState": Object {
            "skipsComponentDidUpdateOnNullish": true,
          },
        },
      },
    },
    Symbol(enzyme.__providerValues__): undefined,
  },
  Symbol(enzyme.__providerValues__): Map {},
}
`;
